// Jest Snapshot v1, https://goo.gl/fbAQLP

exports[`Switch renders 1`] = `undefined`;
