// Jest Snapshot v1, https://goo.gl/fbAQLP

exports[`IconWrapper renders 1`] = `undefined`;
