// Jest Snapshot v1, https://goo.gl/fbAQLP

exports[`Avatar renders 1`] = `undefined`;
