// Jest Snapshot v1, https://goo.gl/fbAQLP

exports[`TextField renders 1`] = `undefined`;
