// Jest Snapshot v1, https://goo.gl/fbAQLP

exports[`HomeVideos renders 1`] = `undefined`;
