// Jest Snapshot v1, https://goo.gl/fbAQLP

exports[`HomeView renders 1`] = `undefined`;
