// Jest Snapshot v1, https://goo.gl/fbAQLP

exports[`MainContent renders 1`] = `undefined`;
