// Jest Snapshot v1, https://goo.gl/fbAQLP

exports[`App layout renders 1`] = `
<LayoutWrapper>
  <styled.div>
    <h1>
      Welcome to the challenge!
    </h1>
  </styled.div>
  <HomeVideos />
</LayoutWrapper>
`;
